Warning: KiotaBuilder OpenAPI warning: #/paths/~1plugins~1playbooks~1api~1v0~1runs/get/parameters/1/example - Data and type mismatch found.
Warning: KiotaBuilder OpenAPI warning: #/paths/~1plugins~1playbooks~1api~1v0~1runs/get/parameters/2/example - Data and type mismatch found.
Warning: KiotaBuilder OpenAPI warning: #/paths/~1plugins~1playbooks~1api~1v0~1runs~1{id}~1checklists~1{checklist}~1add/post/parameters/1/example - Data and type mismatch found.
Warning: KiotaBuilder OpenAPI warning: #/paths/~1plugins~1playbooks~1api~1v0~1runs~1{id}~1checklists~1{checklist}~1reorder/put/parameters/1/example - Data and type mismatch found.
Warning: KiotaBuilder OpenAPI warning: #/paths/~1plugins~1playbooks~1api~1v0~1runs~1{id}~1checklists~1{checklist}~1item~1{item}/put/parameters/1/example - Data and type mismatch found.
Warning: KiotaBuilder OpenAPI warning: #/paths/~1plugins~1playbooks~1api~1v0~1runs~1{id}~1checklists~1{checklist}~1item~1{item}/put/parameters/2/example - Data and type mismatch found.
Warning: KiotaBuilder OpenAPI warning: #/paths/~1plugins~1playbooks~1api~1v0~1runs~1{id}~1checklists~1{checklist}~1item~1{item}/delete/parameters/1/example - Data and type mismatch found.
Warning: KiotaBuilder OpenAPI warning: #/paths/~1plugins~1playbooks~1api~1v0~1runs~1{id}~1checklists~1{checklist}~1item~1{item}/delete/parameters/2/example - Data and type mismatch found.
Warning: KiotaBuilder OpenAPI warning: #/paths/~1plugins~1playbooks~1api~1v0~1runs~1{id}~1checklists~1{checklist}~1item~1{item}~1state/put/parameters/1/example - Data and type mismatch found.
Warning: KiotaBuilder OpenAPI warning: #/paths/~1plugins~1playbooks~1api~1v0~1runs~1{id}~1checklists~1{checklist}~1item~1{item}~1state/put/parameters/2/example - Data and type mismatch found.
Warning: KiotaBuilder OpenAPI warning: #/paths/~1plugins~1playbooks~1api~1v0~1runs~1{id}~1checklists~1{checklist}~1item~1{item}~1assignee/put/parameters/1/example - Data and type mismatch found.
Warning: KiotaBuilder OpenAPI warning: #/paths/~1plugins~1playbooks~1api~1v0~1runs~1{id}~1checklists~1{checklist}~1item~1{item}~1assignee/put/parameters/2/example - Data and type mismatch found.
Warning: KiotaBuilder OpenAPI warning: #/paths/~1plugins~1playbooks~1api~1v0~1runs~1{id}~1checklists~1{checklist}~1item~1{item}~1run/put/parameters/1/example - Data and type mismatch found.
Warning: KiotaBuilder OpenAPI warning: #/paths/~1plugins~1playbooks~1api~1v0~1runs~1{id}~1checklists~1{checklist}~1item~1{item}~1run/put/parameters/2/example - Data and type mismatch found.
Warning: KiotaBuilder OpenAPI warning: #/paths/~1plugins~1playbooks~1api~1v0~1playbooks/get/parameters/1/example - Data and type mismatch found.
Warning: KiotaBuilder OpenAPI warning: #/paths/~1plugins~1playbooks~1api~1v0~1playbooks/get/parameters/2/example - Data and type mismatch found.
Warning: KiotaBuilder OpenAPI warning: #/paths/~1plugins~1playbooks~1api~1v0~1playbooks/get/parameters/5/example - Data and type mismatch found.
Warning: KiotaBuilder OpenAPI warning: #/components/schemas/PluginStatus/properties/state/enum/0 - Data and type mismatch found.
Warning: KiotaBuilder OpenAPI warning: #/components/schemas/PluginStatus/properties/state/enum/1 - Data and type mismatch found.
Warning: KiotaBuilder OpenAPI warning: #/components/schemas/PluginStatus/properties/state/enum/2 - Data and type mismatch found.
Warning: KiotaBuilder OpenAPI warning: #/components/schemas/PluginStatus/properties/state/enum/3 - Data and type mismatch found.
Warning: KiotaBuilder OpenAPI warning: #/components/schemas/PluginStatus/properties/state/enum/4 - Data and type mismatch found.
Warning: KiotaBuilder OpenAPI warning: #/components/schemas/PluginStatus/properties/state/enum/5 - Data and type mismatch found.
